{
    "lab_tools": { "label": "Lab Tools", "key": "lab_tools" },
    "lab_tools/reagents": { "label": "Lab Tools - Reagents", "key": "lab_tools/reagents" },
    "lab_tools/biospecimen": { "label": "Lab Tools - Biospecimen", "key": "lab_tools/biospecimen" },
    "lab_tools/assays": { "label": "Lab Tools - Assays", "key": "lab_tools/assays" },
    "lab_tools/cell_lines": { "label": "Lab Tools - Cell Lines", "key": "lab_tools/cell_lines" },
    "lab_tools/protocols": { "label": "Lab Tools - Protocols", "key": "lab_tools/protocols" },
    "lab_tools/animal_models": { "label": "Lab Tools - Animal Models", "key": "lab_tools/animal_models" },
    "lab_tools/plant_samples": { "label": "Lab Tools - Plant Samples", "key": "lab_tools/plant_samples" },
    "lab_tools/vectors": { "label": "Lab Tools - Vectors", "key": "lab_tools/vectors" },
    "lab_tools/compounds": { "label": "Lab Tools - Compounds", "key": "lab_tools/compounds" },
    "community_research_tools": { "label": "Community Research Tools", "key": "community_research_tools" },
    "community_research_tools/questionnaire": { "label": "Community Research Tools - Questionnaire", "key": "community_research_tools/questionnaire" },
    "community_research_tools/screener": { "label": "Community Research Tools - Screener", "key": "community_research_tools/screener" },
    "community_research_tools/survey": { "label": "Community Research Tools - Survey", "key": "community_research_tools/survey" },
    "clinical_research_tools": { "label": "Clinical Research Tools", "key": "clinical_research_tools" },
    "clinical_research_tools/ctcae": { "label": "Clinical Research Tools - CTCAE", "key": "clinical_research_tools/ctcae" },
    "clinical_research_tools/consent_forms": { "label": "Clinical Research Tools - Consent Forms", "key": "clinical_research_tools/consent_forms" },
    "clinical_research_tools/guidelines_protocols": { "label": "Clinical Research Tools - Guidelines/Protocols", "key": "clinical_research_tools/guidelines_protocols" },
    "clinical_research_tools/policies": { "label": "Clinical Research Tools - Policies", "key": "clinical_research_tools/policies" },
    "datasets_databases": { "label": "Datasets & Databases", "key": "datasets_databases" },
    "datasets_databases/clinical_data": { "label": "Datasets & Databases - Clinical Data", "key": "datasets_databases/clinical_data" },
    "datasets_databases/imaging": { "label": "Datasets & Databases - Imaging", "key": "datasets_databases/imaging" },
    "datasets_databases/genomic_datasets": { "label": "Datasets & Databases - Genomic Datasets", "key": "datasets_databases/genomic_datasets" },
    "datasets_databases/epidemiologic_data": { "label": "Datasets & Databases - Epidemiologic Data", "key": "datasets_databases/epidemiologic_data" },
    "datasets_databases/patient_registries": { "label": "Datasets & Databases - Patient Registries", "key": "datasets_databases/patient_registries" },
    "datasets_databases/biological_networks": { "label": "Datasets & Databases - Biological Networks", "key": "datasets_databases/biological_networks" },
    "analysis_tools": { "label": "Analysis Tools", "key": "analysis_tools" },
    "analysis_tools/genomic_analysis": { "label": "Analysis Tools - Genomic Analysis", "key": "analysis_tools/genomic_analysis" },
    "analysis_tools/data_visualization": { "label": "Analysis Tools - Data Visualization", "key": "analysis_tools/data_visualization" },
    "analysis_tools/imaging_analysis": { "label": "Analysis Tools - Imaging Analysis", "key": "analysis_tools/imaging_analysis" },
    "analysis_tools/r_software": { "label": "Analysis Tools - R Software", "key": "analysis_tools/r_software" },
    "analysis_tools/modeling": { "label": "Analysis Tools - Modeling", "key": "analysis_tools/modeling" },
    "analysis_tools/natural_language_processing": { "label": "Analysis Tools - Natural Language Processing", "key": "analysis_tools/natural_language_processing" },
    "analysis_tools/statistical_software": { "label": "Analysis Tools - Statistical Software", "key": "analysis_tools/statistical_software" },
    "networks_consortiums": { "label": "Networks/Consortiums", "key": "networks_consortiums" },
    "terminology": { "label": "Terminology", "key": "terminology" },
    "training_resources": { "label": "Training Resources", "key": "training_resources" }
}